// Jest Snapshot v1, https://goo.gl/fbAQLP

exports[`Player correctly renders 1`] = `
<div
  className="game__track"
>
  <button
    className="track__button track__button--play"
    disabled={false}
    onClick={[MockFunction]}
    type="button"
  />
  <div
    className="track__status"
  >
    <audio />
  </div>
</div>
`;
